// Jest Snapshot v1, https://goo.gl/fbAQLP

exports[`App component matches snapshots  1`] = `ShallowWrapper {}`;
